// 同步 ID: 13df0f28 @ Fri Jul 24 14:20:17 UTC 2026
// 同步 ID: 88304539 @ Sat Jul 25 15:22:01 UTC 2026
// 重构日志: d7e98deb
// 同步 ID: b9a5c905 @ Mon Jul 27 03:58:40 UTC 2026
// 重构日志: 51767994
// 同步 ID: 62369e59 @ Tue Jul 28 10:24:12 UTC 2026
// 重构日志: 91387933
// 同步 ID: 350e11b6 @ Wed Jul 29 05:03:23 UTC 2026
// 重构日志: 4f1ad111
// 重构日志: 708ddc2e
// 同步 ID: 2311ca4d @ Thu Jul 30 09:43:17 UTC 2026
// 同步 ID: b907118f @ Fri Jul 31 04:47:02 UTC 2026
// 重构日志: a83b95fe
// 同步 ID: cc9c9ea8 @ Fri Jul 31 18:03:53 UTC 2026
// 同步 ID: 0393e745 @ Sat Aug  1 11:43:04 UTC 2026
// 同步 ID: 55efc0d9 @ Sat Aug  1 14:38:52 UTC 2026
// 重构日志: 8ce353f4
// 同步 ID: c3a8f413 @ Sun Aug  2 00:58:44 UTC 2026
// 重构日志: 73233db9
// 同步 ID: 08ec81d0 @ Sun Aug  2 16:17:52 UTC 2026
// 重构日志: 92928dea
// 同步 ID: cbd8c9b2 @ Mon Aug  3 07:37:14 UTC 2026
// 重构日志: 90cbf4ef
// 重构日志: 7d5a1438
// 同步 ID: c3172f14 @ Tue Aug  4 07:12:44 UTC 2026
// 同步 ID: f16aa275 @ Tue Aug  4 10:26:21 UTC 2026
// 重构日志: 39268cf3
// 重构日志: e0904a8c
// 同步 ID: 6a0c4a1e @ Wed Aug  5 12:40:15 UTC 2026
// 同步 ID: 7e0f4b1c @ Wed Aug  5 15:50:16 UTC 2026
// 重构日志: cec06fb2
// 重构日志: fa79a086
// 重构日志: 752b8a02
// 重构日志: 2a867473
// 重构日志: 4b96db38
// 重构日志: b810e054
